// Jest Snapshot v1, https://goo.gl/fbAQLP

exports[`City Snaphosts renders 1`] = `
<li
  className="sc-Axmtr jSpriw"
  onClick={[Function]}
>
  <div
    className="sc-AxirZ cVwUnI"
  >
    <h2
      className="sc-AxhCb cOqwkx"
    >
      New York
    </h2>
    <p
      className="sc-AxhUy hdigZc"
    >
      Rank: 
      1
    </p>
  </div>
  <div
    className="sc-AxirZ deKsjO"
  >
    <p
      className="sc-AxhUy jeEzEq"
    >
      Population: 
      8,405,837
    </p>
    <div
      className="sc-AxmLO fRRgPH"
    >
      <p
        className="sc-AxhUy jeEzEq"
      >
        Growth: 
        4.8%
      </p>
      <span
        className="sc-AxgMl kUaHlF"
      />
    </div>
  </div>
</li>
`;
